# xfce
#
mkdir /mnt/tmp
mount /dev/sda3 /mnt/tmp
mount -t proc none /mnt/tmp/proc && mount -o bind /dev /mnt/tmp/dev && mount -o bind /sys /mnt/tmp/sys
chroot /mnt/tmp
env-update && source /etc/profile

eselect profile set 21
eselect fontconfig enable {1..43}

vi /etc/default/grub
# del ",splash=silent,theme:calculate" "quiet" 
grub-mkconfig > /boot/grub/grub.cfg
rc-update del fbcondecor

rc-update add openvpn default

emerge apcupsd
rc-update add apcupsd.powerfail shutdown && rc-update add apcupsd default
#emerge -p dev-java/sun-jdk
emerge dev-java/oracle-jdk-bin

# ruby on rails install
###emerge -v dev-ruby/rubygems
###sudo gem install rhc
###rhc domain show

##emerge dev-libs/libyaml
##curl -L https://get.rvm.io | bash -s stable --auto-dotfiles --ruby --rails --autolibs=3

gem install rdoc
#gem install rails
gem install execjs
gem install therubyracer
gem install rhc

/usr/NX/bin/nxserver --useradd username

emerge app-emulation/virtualbox-extpack-oracle -bk
emerge app-emulation/virtualbox-modules
#modprobe -a vboxdrv vboxnetflt vboxnetadp vboxvideo
usermod -a -G vboxusers zur && grpconv
# !!! in VM !!!
emerge app-emulation/virtualbox-guest-additions -bk
/etc/init.d/virtualbox-guest-additions start
rc-update add virtualbox-guest-additions default
mount -t vboxsf <shared_folder_name> <mount_point>

emerge --autounmask-write =sci-geosciences/googleearth-6.0.3.2197
emerge --autounmask-write =sci-geosciences/googleearth-7.1.1.1871
dispatch-conf
emerge -bk sci-geosciences/googleearth

emerge --autounmask-write =media-gfx/rawtherapee-4.0.11
dispatch-conf
emerge -bk media-gfx/rawtherapee

sensors-detect
sensors
/etc/init.d/lm_sensors start
rc-update add lm_sensors default

emerge noip-updater
/etc/init.d/noip start
rc-update add noip default

emerge -avuDNp world

curl -L https://github.com/robbyrussell/oh-my-zsh/raw/master/tools/install.sh | sh

### VIM + Vorax IDE install
echo "dev-lang/ruby:2.0" >> /etc/portage/package.mask/ruby20disable
### mv ~/zur/.gem/ruby/1.9.1 ~/zur/.gembackup
emerge dev-lang/ruby
###eselect ruby set ruby19
emerge dev-ruby/execjs
echo "app-editors/vim ruby" >> /etc/portage/package.use/vim_vorax
echo "app-editors/gvim ruby" >> /etc/portage/package.use/vim_vorax
eselect bashcomp enable rake
emerge dev-db/oracle-instantclient-sqlplus 

su - username   ###
env|grep TNS_ADMIN
ruby -v
gem list
### gem install antlr3 -r
### gem install activesupport -r
### gem install nokogiri -- --with-xml2-include=/usr/include/libxml2/libxml --with-xml2-lib=/usr/lib64/ --with-sxlt-include=/usr/include/libxslt --with-xslt-lib=/usr/lib64/ -r
gem install vorax -r

su -       ###
emerge app-editors/vim

git clone https://github.com/gmarik/vundle.git ~/.vim/bundle/vundle

http://www.oracle.com/technetwork/database/enterprise-edition/documentation/database-093888.html

emerge x11-themes/gtk-engines-murrine x11-themes/murrine-themes
emerge www-plugins/adobe-flash
cl-core-setup --pkg-name=mc

xrandr -q
xrandr --output VGA1 --mode 1600x1200 --auto
xrandr --output VGA1 --left-of HDMI1
