# !!! boot in UEFI-mode !!!
mount /dev/sda1 /boot/efi
grub-install --target=x86_64-efi
# chroot
mount /dev/sda2 /mnt
for d in /proc /sys /dev{,/shm,/pts} ; do mount -v --bind $d /mnt/$d ; done
chroot /mnt
env-update && source /etc/profile
grub-mkconfig -o /boot/grub/grub.cfg
umount /mnt/dev/shm
umount /mnt/dev/pts
umount /mnt/dev
umount /mnt/proc
umount /mnt/sys
#
vi /etc/fstab    add discard option for EXT4
cl-core-setup --pkg-name=mc
emerge -avuDNp world

/usr/NX/bin/nxserver --useradd username

emerge app-emulation/virtualbox-extpack-oracle -bk
emerge app-emulation/virtualbox-modules
#modprobe -a vboxdrv vboxnetflt vboxnetadp
usermod -a -G vboxusers zur && grpconv
# !!! in VM !!!
emerge app-emulation/virtualbox-guest-additions -bk
/etc/init.d/virtualbox-guest-additions start
rc-update add virtualbox-guest-additions default
mount -t vboxsf <shared_folder_name> <mount_point>

# Rails and javascript install
gem install rails --version=4.0.0 --no-ri --no-rdoc
gem install execjs
emerge net-libs/nodejs
eselect bashcomp enable rake

# OpenShift install
cd ~
gem install rhc ;; rhc domain show
# my dotfiles,oh-my-zsh,vundle install
git clone https://github.com/zurodov/dotfiles.git
cd ~/dotfiles
sh makesymlinks.sh
# Vorax IDE install
emerge dev-db/oracle-instantclient-sqlplus
vi ~/.oracle/tnsnames.ora
gem install vorax --no-rdoc --no-ri
vi
BundleInstall
http://www.oracle.com/technetwork/database/enterprise-edition/documentation/database-093888.html

